TGA current/anticipated records: 516 exact normalized single-ingredient name match to FDA substance: 64
Peginterferon alfa2a | peginterferon alfa a | ['82154-0449-1', '82154-0451-4']
hydrochlorothiazide | hydrochlorothiazide | ['0071-5212-23', '0591-0347-05']
guanfacine hydrochloride | guanfacine | ['0228-2851-11', '0228-2853-11']
phenobarbital sodium | phenobarbital | ['0603-5168-21', '0603-5166-21']
rivaroxaban | rivaroxaban | ['50458-575-01']
pemetrexed disodium | pemetrexed disodium | ['0781-3519-90', '0781-3518-76']
fentanyl citrate | fentanyl | ['63323-806-05', '0409-9094-28']
medroxyprogesterone acetate | medroxyprogesterone | ['0009-0051-01', '0009-0065-01']
hydroxocobalamin acetate | hydroxocobalamin | ['0591-2888-30', '50633-310-11']
oxycodone hydrochloride | oxycodone | ['60951-700-70', '60951-602-70']
dapsone | dapsone | ['69238-1627-6']
lamotrigine | lamotrigine | ['49884-563-11', '49884-605-11']
voriconazole | voriconazole | ['0049-3190-01']
methylphenidate hydrochloride | methylphenidate | ['57664-606-88', '62175-312-37']
busulfan | busulfan | ['67457-893-08']
voriconazole | voriconazole | ['0049-3190-01']
docetaxel | docetaxel | ['50742-431-08', '50742-463-16']
itraconazole | itraconazole | ['50458-290-01', '10147-1700-3']
medroxyprogesterone acetate | medroxyprogesterone | ['0009-0051-01', '0009-0065-01']
fentanyl citrate | fentanyl | ['63323-806-05', '0409-9094-28']
