CL results: 20 with F.3d official cite: 15 declared-cite join matched in CAP: 10 / 15
{'cite': '127 F.3d 207', 'cl_docket': 'No. 1669, Docket 96-9633', 'cap_docket': 'No. 1669, Docket 96-9633', 'cap_date': '1997-09-15', 'cl_date': '1997-09-15', 'cap_court': '2d Cir.', 'cl_court': 'ca2', 'date_equal': True}
{'cite': '126 F.3d 61', 'cl_docket': 'No. 608, Docket 96-7620', 'cap_docket': 'No. 608, Docket 96-7620', 'cap_date': '1997-09-15', 'cl_date': '1997-09-15', 'cap_court': '2d Cir.', 'cl_court': 'ca2', 'date_equal': True}
{'cite': '125 F.3d 238', 'cl_docket': 'No. 96-2637', 'cap_docket': 'No. 96-2637', 'cap_date': '1997-09-15', 'cl_date': '1997-09-15', 'cap_court': '4th Cir.', 'cl_court': 'ca4', 'date_equal': True}
{'cite': '124 F.3d 996', 'cl_docket': 'No. 94-70445', 'cap_docket': 'No. 94-70445', 'cap_date': '1997-09-15', 'cl_date': '1997-09-15', 'cap_court': '9th Cir.', 'cl_court': 'ca9', 'date_equal': True}
{'cite': '124 F.3d 591', 'cl_docket': 'No. 96-3531', 'cap_docket': 'No. 96-3531', 'cap_date': '1997-09-15', 'cl_date': '1997-09-15', 'cap_court': '3d Cir.', 'cl_court': 'ca3', 'date_equal': True}
{'cite': '123 F.3d 675', 'cl_docket': 'Nos. 95-3083, 95-3084', 'cap_docket': 'Nos. 95-3083, 95-3084', 'cap_date': '1997-09-15', 'cl_date': '1997-09-15', 'cap_court': '7th Cir.', 'cl_court': 'ca7', 'date_equal': True}
{'cite': '123 F.3d 279', 'cl_docket': 'No. 96-30237', 'cap_docket': 'No. 96-30237', 'cap_date': '1997-09-15', 'cl_date': '1997-09-15', 'cap_court': '5th Cir.', 'cl_court': 'ca5', 'date_equal': True}
{'cite': '125 F.3d 1163', 'cl_docket': '96-3922', 'cap_docket': 'No. 96-3922', 'cap_date': '1997-09-15', 'cl_date': '1997-09-15', 'cap_court': '8th Cir.', 'cl_court': 'ca8', 'date_equal': True}
{'cl': '96-4101', 'cite': None}
{'cl': '96-3641', 'cite': None}
{'cl': '96-1592', 'cite': None}
{'cl': '96-1441', 'cite': None}
{'cl': '97-1370', 'cite': None}
{'cite': '129 F.3d 1257', 'cl_docket': '97-7051', 'matched': False}
{'cite': '129 F.3d 1255', 'cl_docket': '96-7685', 'matched': False}
{'cite': '129 F.3d 1254', 'cl_docket': '97-3301', 'matched': False}
{'cite': '127 F.3d 551', 'cl_docket': '96-1467, 96-1520', 'cap_docket': 'Nos. 96-1467, 96-1520', 'cap_date': '1997-09-15', 'cl_date': '1997-09-15', 'cap_court': '7th Cir.', 'cl_court': 'ca7', 'date_equal': True}
{'cite': '127 F.3d 207', 'cl_docket': '1669', 'cap_docket': 'No. 1669, Docket 96-9633', 'cap_date': '1997-09-15', 'cl_date': '1997-09-15', 'cap_court': '2d Cir.', 'cl_court': 'ca2', 'date_equal': True}
{'cite': '127 F.3d 42', 'cl_docket': '96-6588', 'matched': False}
{'cite': '127 F.3d 42', 'cl_docket': '95-5480', 'matched': False}
